// Jest Snapshot v1, https://goo.gl/fbAQLP

exports[`Card should match the snapshot 1`] = `
ShallowWrapper {
  "length": 1,
  Symbol(enzyme.__root__): [Circular],
  Symbol(enzyme.__unrendered__): <Card
    data={
        Object {
            "ears": "long",
            "name": "Jar-jar",
            "status": "questionable",
          }
    }
    setFavorites={[Function]}
/>,
  Symbol(enzyme.__renderer__): Object {
    "batchedUpdates": [Function],
    "getNode": [Function],
    "render": [Function],
    "simulateEvent": [Function],
    "unmount": [Function],
  },
  Symbol(enzyme.__node__): Object {
    "instance": null,
    "key": undefined,
    "nodeType": "host",
    "props": Object {
      "children": Array [
        <h3
          className="Card-header"
>
          Jar-jar
</h3>,
        <div>
          <p>
                    <span
                              className="keyName"
                    >
                              Ears
                              : 
                    </span>
                    long
          </p>
          <p>
                    <span
                              className="keyName"
                    >
                              Status
                              : 
                    </span>
                    questionable
          </p>
</div>,
        <button
          className="favorite"
          onClick={[Function]}
>
          <img
                    alt="Save as favorites"
                    className="diskette"
                    src="diskette.svg"
          />
</button>,
      ],
      "className": "Card",
    },
    "ref": null,
    "rendered": Array [
      Object {
        "instance": null,
        "key": undefined,
        "nodeType": "host",
        "props": Object {
          "children": "Jar-jar",
          "className": "Card-header",
        },
        "ref": null,
        "rendered": "Jar-jar",
        "type": "h3",
      },
      Object {
        "instance": null,
        "key": undefined,
        "nodeType": "host",
        "props": Object {
          "children": Array [
            <p>
              <span
                            className="keyName"
              >
                            Ears
                            : 
              </span>
              long
</p>,
            <p>
              <span
                            className="keyName"
              >
                            Status
                            : 
              </span>
              questionable
</p>,
          ],
        },
        "ref": null,
        "rendered": Array [
          Object {
            "instance": null,
            "key": "0",
            "nodeType": "host",
            "props": Object {
              "children": Array [
                <span
                  className="keyName"
>
                  Ears
                  : 
</span>,
                "long",
              ],
            },
            "ref": null,
            "rendered": Array [
              Object {
                "instance": null,
                "key": undefined,
                "nodeType": "host",
                "props": Object {
                  "children": Array [
                    "Ears",
                    ": ",
                  ],
                  "className": "keyName",
                },
                "ref": null,
                "rendered": Array [
                  "Ears",
                  ": ",
                ],
                "type": "span",
              },
              "long",
            ],
            "type": "p",
          },
          Object {
            "instance": null,
            "key": "1",
            "nodeType": "host",
            "props": Object {
              "children": Array [
                <span
                  className="keyName"
>
                  Status
                  : 
</span>,
                "questionable",
              ],
            },
            "ref": null,
            "rendered": Array [
              Object {
                "instance": null,
                "key": undefined,
                "nodeType": "host",
                "props": Object {
                  "children": Array [
                    "Status",
                    ": ",
                  ],
                  "className": "keyName",
                },
                "ref": null,
                "rendered": Array [
                  "Status",
                  ": ",
                ],
                "type": "span",
              },
              "questionable",
            ],
            "type": "p",
          },
        ],
        "type": "div",
      },
      Object {
        "instance": null,
        "key": undefined,
        "nodeType": "host",
        "props": Object {
          "children": <img
            alt="Save as favorites"
            className="diskette"
            src="diskette.svg"
/>,
          "className": "favorite",
          "onClick": [Function],
        },
        "ref": null,
        "rendered": Object {
          "instance": null,
          "key": undefined,
          "nodeType": "host",
          "props": Object {
            "alt": "Save as favorites",
            "className": "diskette",
            "src": "diskette.svg",
          },
          "ref": null,
          "rendered": null,
          "type": "img",
        },
        "type": "button",
      },
    ],
    "type": "article",
  },
  Symbol(enzyme.__nodes__): Array [
    Object {
      "instance": null,
      "key": undefined,
      "nodeType": "host",
      "props": Object {
        "children": Array [
          <h3
            className="Card-header"
>
            Jar-jar
</h3>,
          <div>
            <p>
                        <span
                                    className="keyName"
                        >
                                    Ears
                                    : 
                        </span>
                        long
            </p>
            <p>
                        <span
                                    className="keyName"
                        >
                                    Status
                                    : 
                        </span>
                        questionable
            </p>
</div>,
          <button
            className="favorite"
            onClick={[Function]}
>
            <img
                        alt="Save as favorites"
                        className="diskette"
                        src="diskette.svg"
            />
</button>,
        ],
        "className": "Card",
      },
      "ref": null,
      "rendered": Array [
        Object {
          "instance": null,
          "key": undefined,
          "nodeType": "host",
          "props": Object {
            "children": "Jar-jar",
            "className": "Card-header",
          },
          "ref": null,
          "rendered": "Jar-jar",
          "type": "h3",
        },
        Object {
          "instance": null,
          "key": undefined,
          "nodeType": "host",
          "props": Object {
            "children": Array [
              <p>
                <span
                                className="keyName"
                >
                                Ears
                                : 
                </span>
                long
</p>,
              <p>
                <span
                                className="keyName"
                >
                                Status
                                : 
                </span>
                questionable
</p>,
            ],
          },
          "ref": null,
          "rendered": Array [
            Object {
              "instance": null,
              "key": "0",
              "nodeType": "host",
              "props": Object {
                "children": Array [
                  <span
                    className="keyName"
>
                    Ears
                    : 
</span>,
                  "long",
                ],
              },
              "ref": null,
              "rendered": Array [
                Object {
                  "instance": null,
                  "key": undefined,
                  "nodeType": "host",
                  "props": Object {
                    "children": Array [
                      "Ears",
                      ": ",
                    ],
                    "className": "keyName",
                  },
                  "ref": null,
                  "rendered": Array [
                    "Ears",
                    ": ",
                  ],
                  "type": "span",
                },
                "long",
              ],
              "type": "p",
            },
            Object {
              "instance": null,
              "key": "1",
              "nodeType": "host",
              "props": Object {
                "children": Array [
                  <span
                    className="keyName"
>
                    Status
                    : 
</span>,
                  "questionable",
                ],
              },
              "ref": null,
              "rendered": Array [
                Object {
                  "instance": null,
                  "key": undefined,
                  "nodeType": "host",
                  "props": Object {
                    "children": Array [
                      "Status",
                      ": ",
                    ],
                    "className": "keyName",
                  },
                  "ref": null,
                  "rendered": Array [
                    "Status",
                    ": ",
                  ],
                  "type": "span",
                },
                "questionable",
              ],
              "type": "p",
            },
          ],
          "type": "div",
        },
        Object {
          "instance": null,
          "key": undefined,
          "nodeType": "host",
          "props": Object {
            "children": <img
              alt="Save as favorites"
              className="diskette"
              src="diskette.svg"
/>,
            "className": "favorite",
            "onClick": [Function],
          },
          "ref": null,
          "rendered": Object {
            "instance": null,
            "key": undefined,
            "nodeType": "host",
            "props": Object {
              "alt": "Save as favorites",
              "className": "diskette",
              "src": "diskette.svg",
            },
            "ref": null,
            "rendered": null,
            "type": "img",
          },
          "type": "button",
        },
      ],
      "type": "article",
    },
  ],
  Symbol(enzyme.__options__): Object {
    "adapter": ReactSixteenAdapter {
      "options": Object {
        "enableComponentDidUpdateOnSetState": true,
      },
    },
  },
}
`;
