// Jest Snapshot v1, https://goo.gl/fbAQLP

exports[`Favorites should match the snapshot 1`] = `
ShallowWrapper {
  "length": 1,
  Symbol(enzyme.__root__): [Circular],
  Symbol(enzyme.__unrendered__): <Favorites
    data={
        Array [
            Object {
              "homeworld": "Naboo",
              "name": "R2-D2",
              "population": "300",
            },
          ]
    }
    setCategory={[Function]}
/>,
  Symbol(enzyme.__renderer__): Object {
    "batchedUpdates": [Function],
    "getNode": [Function],
    "render": [Function],
    "simulateEvent": [Function],
    "unmount": [Function],
  },
  Symbol(enzyme.__node__): Object {
    "instance": null,
    "key": undefined,
    "nodeType": "host",
    "props": Object {
      "children": Array [
        <Card
          data={
                    Object {
                              "homeworld": "Naboo",
                              "name": "R2-D2",
                              "population": "300",
                            }
          }
          setFavorites={undefined}
/>,
      ],
    },
    "ref": null,
    "rendered": Array [
      Object {
        "instance": null,
        "key": "0",
        "nodeType": "function",
        "props": Object {
          "data": Object {
            "homeworld": "Naboo",
            "name": "R2-D2",
            "population": "300",
          },
          "setFavorites": undefined,
        },
        "ref": null,
        "rendered": null,
        "type": [Function],
      },
    ],
    "type": "article",
  },
  Symbol(enzyme.__nodes__): Array [
    Object {
      "instance": null,
      "key": undefined,
      "nodeType": "host",
      "props": Object {
        "children": Array [
          <Card
            data={
                        Object {
                                    "homeworld": "Naboo",
                                    "name": "R2-D2",
                                    "population": "300",
                                  }
            }
            setFavorites={undefined}
/>,
        ],
      },
      "ref": null,
      "rendered": Array [
        Object {
          "instance": null,
          "key": "0",
          "nodeType": "function",
          "props": Object {
            "data": Object {
              "homeworld": "Naboo",
              "name": "R2-D2",
              "population": "300",
            },
            "setFavorites": undefined,
          },
          "ref": null,
          "rendered": null,
          "type": [Function],
        },
      ],
      "type": "article",
    },
  ],
  Symbol(enzyme.__options__): Object {
    "adapter": ReactSixteenAdapter {
      "options": Object {
        "enableComponentDidUpdateOnSetState": true,
      },
    },
  },
}
`;
