// Jest Snapshot v1, https://goo.gl/fbAQLP

exports[`Planets should match the snapshot 1`] = `
ShallowWrapper {
  "length": 1,
  Symbol(enzyme.__root__): [Circular],
  Symbol(enzyme.__unrendered__): <Vehicles
    data={
        Array [
            Object {
              "class": "Demolition",
              "model": "Tank",
              "name": "El Toro Loco",
              "passengers": "1",
            },
          ]
    }
    setFavorites={[Function]}
/>,
  Symbol(enzyme.__renderer__): Object {
    "batchedUpdates": [Function],
    "getNode": [Function],
    "render": [Function],
    "simulateEvent": [Function],
    "unmount": [Function],
  },
  Symbol(enzyme.__node__): Object {
    "instance": null,
    "key": undefined,
    "nodeType": "host",
    "props": Object {
      "children": Array [
        <Card
          data={
                    Object {
                              "class": "Demolition",
                              "model": "Tank",
                              "name": "El Toro Loco",
                              "passengers": "1",
                            }
          }
          setFavorites={[Function]}
/>,
      ],
      "className": "Container",
    },
    "ref": null,
    "rendered": Array [
      Object {
        "instance": null,
        "key": "0",
        "nodeType": "function",
        "props": Object {
          "data": Object {
            "class": "Demolition",
            "model": "Tank",
            "name": "El Toro Loco",
            "passengers": "1",
          },
          "setFavorites": [Function],
        },
        "ref": null,
        "rendered": null,
        "type": [Function],
      },
    ],
    "type": "article",
  },
  Symbol(enzyme.__nodes__): Array [
    Object {
      "instance": null,
      "key": undefined,
      "nodeType": "host",
      "props": Object {
        "children": Array [
          <Card
            data={
                        Object {
                                    "class": "Demolition",
                                    "model": "Tank",
                                    "name": "El Toro Loco",
                                    "passengers": "1",
                                  }
            }
            setFavorites={[Function]}
/>,
        ],
        "className": "Container",
      },
      "ref": null,
      "rendered": Array [
        Object {
          "instance": null,
          "key": "0",
          "nodeType": "function",
          "props": Object {
            "data": Object {
              "class": "Demolition",
              "model": "Tank",
              "name": "El Toro Loco",
              "passengers": "1",
            },
            "setFavorites": [Function],
          },
          "ref": null,
          "rendered": null,
          "type": [Function],
        },
      ],
      "type": "article",
    },
  ],
  Symbol(enzyme.__options__): Object {
    "adapter": ReactSixteenAdapter {
      "options": Object {
        "enableComponentDidUpdateOnSetState": true,
      },
    },
  },
}
`;
